[backblue.gif]
[fade.gif]
[index.html]
[soft.vub.ac.be/_lphilips/jspdg/stip/stip-web/favicon.ico]
[soft.vub.ac.be/_lphilips/jspdg/common.js]
[soft.vub.ac.be/_lphilips/jspdg/stip/stip-web/examples.js]
[soft.vub.ac.be/_lphilips/jspdg/stip/lib/esprima.js]
[soft.vub.ac.be/_lphilips/jspdg/stip/lib/falafel_esprima.js]
[soft.vub.ac.be/_lphilips/jspdg/stip/lib/estraverse.js]
[soft.vub.ac.be/_lphilips/jspdg/stip/lib/escope.js]
[soft.vub.ac.be/_lphilips/jspdg/stip/lib/esrefactor.js]
[soft.vub.ac.be/_lphilips/jspdg/stip/lib/json2.js]
[soft.vub.ac.be/_lphilips/jspdg/stip/lib/beautifier.js]
[soft.vub.ac.be/_lphilips/jspdg/stip/lib/falafel.js]
[code.jquery.com/jquery.js]
[yui.yahooapis.com/3.9.0/build/yui/yui-min.js]
[soft.vub.ac.be/_lphilips/jspdg/stip/stip-web/js/bootstrap.min.js]
[soft.vub.ac.be/_lphilips/jspdg/stip/stip-web/js/prettify.js]
[soft.vub.ac.be/_lphilips/jspdg/stip/stip-web/js/tab.js]
[soft.vub.ac.be/_lphilips/jspdg/stip/edge.js]
[soft.vub.ac.be/_lphilips/jspdg/stip/node.js]
[soft.vub.ac.be/_lphilips/jspdg/stip/graph.js]
[soft.vub.ac.be/_lphilips/jspdg/stip/pre-analysis.js]
[soft.vub.ac.be/_lphilips/jspdg/agc.js]
[soft.vub.ac.be/_lphilips/jspdg/lattice.js]
[soft.vub.ac.be/_lphilips/jspdg/lattice1.js]
[soft.vub.ac.be/_lphilips/jspdg/setLattice.js]
[soft.vub.ac.be/_lphilips/jspdg/address.js]
[soft.vub.ac.be/_lphilips/jspdg/jsEsprima.js]
[soft.vub.ac.be/_lphilips/jspdg/store.js]
[soft.vub.ac.be/_lphilips/jspdg/graph.js]
[soft.vub.ac.be/_lphilips/jspdg/pushdown.js]
[soft.vub.ac.be/_lphilips/jspdg/jsCesk.js]
[soft.vub.ac.be/_lphilips/jspdg/tagAg.js]
[soft.vub.ac.be/_lphilips/jspdg/defaultBenv.js]
[soft.vub.ac.be/_lphilips/jspdg/stip/jipda.js]
[soft.vub.ac.be/_lphilips/jspdg/jipdatool.js]
[soft.vub.ac.be/_lphilips/jspdg/stip/stip-web/js/esprimatool.js]
[soft.vub.ac.be/_lphilips/jspdg/stip/stip-web/lib/jslint.js]
[soft.vub.ac.be/_lphilips/jspdg/stip/stip-web/js/jslinttool.js]
[soft.vub.ac.be/_lphilips/jspdg/lib/web/jquery-1.7.2.min.js]
[soft.vub.ac.be/_lphilips/jspdg/lib/web/ace/ace.js]
[soft.vub.ac.be/_lphilips/jspdg/lib/web/viz.js]
[soft.vub.ac.be/_lphilips/jspdg/stip/stip.js]
[soft.vub.ac.be/_lphilips/jspdg/stip/Meteor_parse.js]
[soft.vub.ac.be/_lphilips/jspdg/stip/Node_parse.js]
[soft.vub.ac.be/_lphilips/jspdg/stip/JSify.js]
[soft.vub.ac.be/_lphilips/jspdg/stip/Meteorify.js]
[soft.vub.ac.be/_lphilips/jspdg/stip/Nodeify.js]
[soft.vub.ac.be/_lphilips/jspdg/stip/slice.js]
[soft.vub.ac.be/_lphilips/jspdg/stip/annotations.js]
[soft.vub.ac.be/_lphilips/jspdg/stip/lib/escodegen.browser.js]
[soft.vub.ac.be/_lphilips/jspdg/stip/stip-web/PDGgraph.js]
[soft.vub.ac.be/_lphilips/jspdg/stip/stip-web/js/jquery.panzoom.js]
[soft.vub.ac.be/_lphilips/jspdg/stip/stip-web/imgs/stip.png]
[soft.vub.ac.be/_lphilips/jspdg/stip/stip-web/js/jquery.panzoom/test/libs/jquery.js]
[soft.vub.ac.be/_lphilips/jspdg/stip/stip-web/js/jquery.panzoom/dist/jquery.panzoom.js]
[soft.vub.ac.be/_lphilips/jspdg/stip/stip-web/js/jquery.panzoom/test/libs/jquery.mousewheel.js]
[soft.vub.ac.be/_lphilips/jspdg/stip/stip-web/stip.html]
[soft.vub.ac.be/_lphilips/jspdg/stip/stip-web/jipda.css]
[soft.vub.ac.be/_lphilips/jspdg/stip/stip-web/fonts/glyphicons-halflings-regular.eot]
[soft.vub.ac.be/_lphilips/jspdg/stip/stip-web/fonts/glyphicons-halflings-regulard41d.eot]
[soft.vub.ac.be/_lphilips/jspdg/stip/stip-web/fonts/glyphicons-halflings-regular.woff]
[soft.vub.ac.be/_lphilips/jspdg/stip/stip-web/fonts/glyphicons-halflings-regular.ttf]
[soft.vub.ac.be/_lphilips/jspdg/stip/stip-web/css/bootstrap.css]
[soft.vub.ac.be/_lphilips/jspdg/stip/stip-web/css/starter-template.css]
[code.jquery.com/jquery.js]
[soft.vub.ac.be/_lphilips/jspdg/stip/stip-web/howto.html]
[soft.vub.ac.be/_lphilips/jspdg/stip/stip-web/about.html]
[soft.vub.ac.be/_lphilips/jspdg/stip/stip-web/fonts/glyphicons-halflings-regular.svg]
[soft.vub.ac.be/_lphilips/jspdg/stip/stip-web/css/prettify.css]
